21.07.2026 - 19:23:49 - [TAB v6.1.0] Blocked attempt to add player Sajk_YT into team CIT-e1a16bb8e79f (expected team: 7Sajk_YTA). Source of the team: Citizens. To fix this, use NPC names that do not match names of online players.
21.07.2026 - 19:26:46 - [TAB v6.1.0] Blocked attempt to add player Sajk_YT into team CIT-f925d6edcf1b (expected team: 7Sajk_YTA). Source of the team: Citizens. To fix this, use NPC names that do not match names of online players.
22.07.2026 - 10:38:35 - [TAB v6.1.0] Blocked attempt to add player Sajk_YT into team CIT-ea5d4e1b3159 (expected team: 7Sajk_YTA). Source of the team: Citizens. To fix this, use NPC names that do not match names of online players.
22.07.2026 - 12:21:04 - [TAB v6.1.0] Blocked attempt to add player Sajk_YT into team CIT-ea5d4e1b3159 (expected team: 7Sajk_YTA). Source of the team: Citizens. To fix this, use NPC names that do not match names of online players.
22.07.2026 - 12:23:58 - [TAB v6.1.0] Blocked attempt to add player Sajk_YT into team CIT-ea5d4e1b3159 (expected team: 7Sajk_YTA). Source of the team: Citizens. To fix this, use NPC names that do not match names of online players.
22.07.2026 - 12:51:32 - [TAB v6.1.0] Blocked attempt to add player Sajk_YT into team CIT-ea5d4e1b3159 (expected team: 7Sajk_YTA). Source of the team: Citizens. To fix this, use NPC names that do not match names of online players.
22.07.2026 - 13:09:16 - [TAB v6.1.0] Blocked attempt to add player Sajk_YT into team CIT-ea5d4e1b3159 (expected team: 6Sajk_YTA). Source of the team: Citizens. To fix this, use NPC names that do not match names of online players.
22.07.2026 - 13:12:35 - [TAB v6.1.0] Blocked attempt to add player Sajk_YT into team CIT-8c2e4459ebd6 (expected team: 7Sajk_YTA). Source of the team: Citizens. To fix this, use NPC names that do not match names of online players.
22.07.2026 - 13:31:33 - [TAB v6.1.0] Blocked attempt to add player Sajk_YT into team CIT-ea5d4e1b3159 (expected team: 0Sajk_YTA). Source of the team: Citizens. To fix this, use NPC names that do not match names of online players.
22.07.2026 - 14:06:42 - [TAB v6.1.0] Blocked attempt to add player Sajk_YT into team CIT-ea5d4e1b3159 (expected team: 0Sajk_YTA). Source of the team: Citizens. To fix this, use NPC names that do not match names of online players.
22.07.2026 - 14:13:01 - [TAB v6.1.0] Blocked attempt to add player OrbitekElita into team CIT-4bbd5baa52b1 (expected team: 0OrbitekElitaA). Source of the team: Citizens. To fix this, use NPC names that do not match names of online players.
22.07.2026 - 14:41:42 - [TAB v6.1.0] Blocked attempt to add player Sajk_YT into team CIT-ea5d4e1b3159 (expected team: 0Sajk_YTA). Source of the team: Citizens. To fix this, use NPC names that do not match names of online players.
22.07.2026 - 16:26:42 - [TAB v6.1.0] Blocked attempt to add player Sajk_YT into team CIT-ea5d4e1b3159 (expected team: 0Sajk_YTA). Source of the team: Citizens. To fix this, use NPC names that do not match names of online players.
22.07.2026 - 16:45:04 - [TAB v6.1.0] Blocked attempt to add player Sajk_YT into team CIT-ea5d4e1b3159 (expected team: 0Sajk_YTA). Source of the team: Citizens. To fix this, use NPC names that do not match names of online players.
22.07.2026 - 16:46:32 - [TAB v6.1.0] Blocked attempt to add player Sajk_YT into team CIT-ea5d4e1b3159 (expected team: 0Sajk_YTA). Source of the team: Citizens. To fix this, use NPC names that do not match names of online players.
22.07.2026 - 16:48:14 - [TAB v6.1.0] Blocked attempt to add player Sajk_YT into team CIT-ea5d4e1b3159 (expected team: 0Sajk_YTA). Source of the team: Citizens. To fix this, use NPC names that do not match names of online players.
22.07.2026 - 16:49:14 - [TAB v6.1.0] Blocked attempt to add player Sajk_YT into team CIT-ea5d4e1b3159 (expected team: 0Sajk_YTA). Source of the team: Citizens. To fix this, use NPC names that do not match names of online players.
24.07.2026 - 14:39:55 - [TAB v6.1.0] Blocked attempt to add player Sajk_YT into team nick (expected team: 2Sajk_YTA).
24.07.2026 - 14:39:55 - [TAB v6.1.0] Blocked attempt to add player OrbitekElita into team nick (expected team: 0OrbitekElitaA).
01.08.2026 - 09:00:52 - [TAB v6.1.0] Blocked attempt to add player OrbitekElita into team CIT-da919e0afe94 (expected team: 2OrbitekElitaA). Source of the team: Citizens. To fix this, use NPC names that do not match names of online players.
01.08.2026 - 09:06:56 - [TAB v6.1.0] Blocked attempt to add player OrbitekElita into team CIT-da919e0afe94 (expected team: 0OrbitekElitaA). Source of the team: Citizens. To fix this, use NPC names that do not match names of online players.
01.08.2026 - 09:06:56 - [TAB v6.1.0] Blocked attempt to add player OrbitekElita into team CIT-da919e0afe94 (expected team: 0OrbitekElitaA). Source of the team: Citizens. To fix this, use NPC names that do not match names of online players.
01.08.2026 - 15:13:26 - [TAB v6.1.0] Blocked attempt to add player And3x_ into team CIT-b1c48033a84d (expected team: 2And3x_A). Source of the team: Citizens. To fix this, use NPC names that do not match names of online players.
01.08.2026 - 15:19:32 - [TAB v6.1.0] Blocked attempt to add player And3x_ into team CIT-82e4cde47128 (expected team: 2And3x_A). Source of the team: Citizens. To fix this, use NPC names that do not match names of online players.
01.08.2026 - 15:50:39 - [TAB v6.1.0] Blocked attempt to add player And3x_ into team CIT-b1c48033a84d (expected team: 2And3x_A). Source of the team: Citizens. To fix this, use NPC names that do not match names of online players.
01.08.2026 - 21:10:15 - [TAB v6.1.0] Blocked attempt to add player And3x_ into team CIT-82e4cde47128 (expected team: 2And3x_A). Source of the team: Citizens. To fix this, use NPC names that do not match names of online players.
01.08.2026 - 21:10:17 - [TAB v6.1.0] Blocked attempt to add player And3x_ into team CIT-b1c48033a84d (expected team: 2And3x_A). Source of the team: Citizens. To fix this, use NPC names that do not match names of online players.
01.08.2026 - 21:17:24 - [TAB v6.1.0] Blocked attempt to add player And3x_ into team CIT-82e4cde47128 (expected team: 2And3x_A). Source of the team: Citizens. To fix this, use NPC names that do not match names of online players.
01.08.2026 - 21:17:24 - [TAB v6.1.0] Blocked attempt to add player And3x_ into team CIT-b1c48033a84d (expected team: 2And3x_A). Source of the team: Citizens. To fix this, use NPC names that do not match names of online players.
01.08.2026 - 21:20:51 - [TAB v6.1.0] Blocked attempt to add player And3x_ into team CIT-82e4cde47128 (expected team: 2And3x_A). Source of the team: Citizens. To fix this, use NPC names that do not match names of online players.
01.08.2026 - 21:20:51 - [TAB v6.1.0] Blocked attempt to add player And3x_ into team CIT-b1c48033a84d (expected team: 2And3x_A). Source of the team: Citizens. To fix this, use NPC names that do not match names of online players.
01.08.2026 - 21:25:43 - [TAB v6.1.0] Blocked attempt to add player And3x_ into team CIT-82e4cde47128 (expected team: 2And3x_A). Source of the team: Citizens. To fix this, use NPC names that do not match names of online players.
01.08.2026 - 21:25:44 - [TAB v6.1.0] Blocked attempt to add player And3x_ into team CIT-b1c48033a84d (expected team: 2And3x_A). Source of the team: Citizens. To fix this, use NPC names that do not match names of online players.
02.08.2026 - 08:37:30 - [TAB v6.1.0] Blocked attempt to add player And3x_ into team CIT-82e4cde47128 (expected team: 2And3x_A). Source of the team: Citizens. To fix this, use NPC names that do not match names of online players.
02.08.2026 - 08:37:32 - [TAB v6.1.0] Blocked attempt to add player And3x_ into team CIT-b1c48033a84d (expected team: 2And3x_A). Source of the team: Citizens. To fix this, use NPC names that do not match names of online players.
02.08.2026 - 09:03:08 - [TAB v6.1.0] Blocked attempt to add player And3x_ into team CIT-b1c48033a84d (expected team: 2And3x_A). Source of the team: Citizens. To fix this, use NPC names that do not match names of online players.
02.08.2026 - 10:44:18 - [TAB v6.1.0] Blocked attempt to add player And3x_ into team CIT-82e4cde47128 (expected team: 2And3x_A). Source of the team: Citizens. To fix this, use NPC names that do not match names of online players.
02.08.2026 - 10:44:20 - [TAB v6.1.0] Blocked attempt to add player And3x_ into team CIT-b1c48033a84d (expected team: 2And3x_A). Source of the team: Citizens. To fix this, use NPC names that do not match names of online players.
02.08.2026 - 11:18:31 - [TAB v6.1.0] Blocked attempt to add player Sajk_YT into team CIT-d9a794e39329 (expected team: 0Sajk_YTA). Source of the team: Citizens. To fix this, use NPC names that do not match names of online players.
02.08.2026 - 11:20:32 - [TAB v6.1.0] Blocked attempt to add player And3x_ into team CIT-b1c48033a84d (expected team: 2And3x_A). Source of the team: Citizens. To fix this, use NPC names that do not match names of online players.
02.08.2026 - 11:20:32 - [TAB v6.1.0] Blocked attempt to add player Sajk_YT into team CIT-d9a794e39329 (expected team: 0Sajk_YTA). Source of the team: Citizens. To fix this, use NPC names that do not match names of online players.
02.08.2026 - 11:21:21 - [TAB v6.1.0] Blocked attempt to add player And3x_ into team CIT-b1c48033a84d (expected team: 2And3x_A). Source of the team: Citizens. To fix this, use NPC names that do not match names of online players.
02.08.2026 - 11:21:21 - [TAB v6.1.0] Blocked attempt to add player Sajk_YT into team CIT-d9a794e39329 (expected team: 0Sajk_YTA). Source of the team: Citizens. To fix this, use NPC names that do not match names of online players.
