[12:55:57] [ServerMain/INFO]: [bootstrap] Running Java 25 (Java HotSpot(TM) 64-Bit Server VM 25.0.1+8-LTS-27; Oracle Corporation null) on Windows 10 10.0 (amd64)
[12:55:57] [ServerMain/INFO]: [bootstrap] Loading Paper 26.2-63-main@3a55f62 (2026-07-21T11:27:16Z) for Minecraft 26.2
[12:55:58] [ServerMain/WARN]: [oshi.util.platform.windows.PerfDataUtil] Failed to add PDH Counter: \Paging File(_Total)\% Usage, Error code: 0xC0000BB8
[12:55:58] [ServerMain/WARN]: [oshi.util.platform.windows.PerfCounterQueryHandler] Failed to add counter for PDH counter: \Paging File(_Total)\% Usage
[12:55:58] [ServerMain/INFO]: [oshi.util.platform.windows.PerfCounterQuery] Disabling further attempts to query Paging File.
[12:56:04] [ServerMain/WARN]: [oshi.util.platform.windows.WmiQueryHandler] COM exception: Invalid Query: SELECT PERCENTUSAGE FROM Win32_PerfRawData_PerfOS_PagingFile
[12:56:05] [ServerMain/WARN]: [oshi.util.platform.windows.PerfCounterWildcardQuery] Failed to locate performance object for Process in the registry. Performance counters may be corrupt. Pdh call failed with error code 0xC0000BB8
[12:56:05] [ServerMain/INFO]: [oshi.util.platform.windows.PerfCounterWildcardQuery] Disabling further attempts to query Process.
[12:56:06] [ServerMain/WARN]: [oshi.util.platform.windows.WmiQueryHandler] COM exception: Invalid Query: SELECT NAME,PRIORITYBASE,ELAPSEDTIME,IDPROCESS,CREATINGPROCESSID,IOREADBYTESPERSEC,IOWRITEBYTESPERSEC,PRIVATEBYTES,PAGEFAULTSPERSEC FROM Win32_PerfRawData_PerfProc_Process WHERE NOT Name LIKE "%_Total"
[12:56:06] [ServerMain/WARN]: Failed to get system info for Process Loads
java.lang.NullPointerException: Cannot invoke "oshi.software.os.OSProcess.getUserTime()" because "process" is null
	at net.minecraft.SystemReport.lambda$putProcessDetails$0(SystemReport.java:191) ~[paper-26.2.jar:26.2-63-3a55f62]
	at net.minecraft.SystemReport.setDetail(SystemReport.java:96) ~[paper-26.2.jar:26.2-63-3a55f62]
	at net.minecraft.SystemReport.putProcessDetails(SystemReport.java:188) ~[paper-26.2.jar:26.2-63-3a55f62]
	at net.minecraft.SystemReport.lambda$putSoftware$0(SystemReport.java:115) ~[paper-26.2.jar:26.2-63-3a55f62]
	at net.minecraft.SystemReport.ignoreErrors(SystemReport.java:120) ~[paper-26.2.jar:26.2-63-3a55f62]
	at net.minecraft.SystemReport.putSoftware(SystemReport.java:115) ~[paper-26.2.jar:26.2-63-3a55f62]
	at net.minecraft.SystemReport.lambda$new$7(SystemReport.java:68) ~[paper-26.2.jar:26.2-63-3a55f62]
	at net.minecraft.SystemReport.ignoreErrors(SystemReport.java:120) ~[paper-26.2.jar:26.2-63-3a55f62]
	at net.minecraft.SystemReport.<init>(SystemReport.java:68) ~[paper-26.2.jar:26.2-63-3a55f62]
	at net.minecraft.CrashReport.<init>(CrashReport.java:32) ~[paper-26.2.jar:26.2-63-3a55f62]
	at net.minecraft.CrashReport.preload(CrashReport.java:240) ~[paper-26.2.jar:26.2-63-3a55f62]
	at net.minecraft.server.Main.main(Main.java:105) ~[paper-26.2.jar:26.2-63-3a55f62]
	at io.papermc.paper.PaperBootstrap.boot(PaperBootstrap.java:25) ~[paper-26.2.jar:26.2-63-3a55f62]
	at org.bukkit.craftbukkit.Main.main(Main.java:204) ~[paper-26.2.jar:26.2-63-3a55f62]
	at io.papermc.paperclip.Paperclip.lambda$main$0(Paperclip.java:42) ~[?:?]
	at java.base/java.lang.Thread.run(Thread.java:1474) ~[?:?]
[12:56:06] [ServerMain/WARN]: Failed to get system info for Process Virtual Size (MiB)
java.lang.NullPointerException: Cannot invoke "oshi.software.os.OSProcess.getVirtualSize()" because "process" is null
	at net.minecraft.SystemReport.lambda$putProcessDetails$1(SystemReport.java:208) ~[paper-26.2.jar:26.2-63-3a55f62]
	at net.minecraft.SystemReport.setDetail(SystemReport.java:96) ~[paper-26.2.jar:26.2-63-3a55f62]
	at net.minecraft.SystemReport.putProcessDetails(SystemReport.java:208) ~[paper-26.2.jar:26.2-63-3a55f62]
	at net.minecraft.SystemReport.lambda$putSoftware$0(SystemReport.java:115) ~[paper-26.2.jar:26.2-63-3a55f62]
	at net.minecraft.SystemReport.ignoreErrors(SystemReport.java:120) ~[paper-26.2.jar:26.2-63-3a55f62]
	at net.minecraft.SystemReport.putSoftware(SystemReport.java:115) ~[paper-26.2.jar:26.2-63-3a55f62]
	at net.minecraft.SystemReport.lambda$new$7(SystemReport.java:68) ~[paper-26.2.jar:26.2-63-3a55f62]
	at net.minecraft.SystemReport.ignoreErrors(SystemReport.java:120) ~[paper-26.2.jar:26.2-63-3a55f62]
	at net.minecraft.SystemReport.<init>(SystemReport.java:68) ~[paper-26.2.jar:26.2-63-3a55f62]
	at net.minecraft.CrashReport.<init>(CrashReport.java:32) ~[paper-26.2.jar:26.2-63-3a55f62]
	at net.minecraft.CrashReport.preload(CrashReport.java:240) ~[paper-26.2.jar:26.2-63-3a55f62]
	at net.minecraft.server.Main.main(Main.java:105) ~[paper-26.2.jar:26.2-63-3a55f62]
	at io.papermc.paper.PaperBootstrap.boot(PaperBootstrap.java:25) ~[paper-26.2.jar:26.2-63-3a55f62]
	at org.bukkit.craftbukkit.Main.main(Main.java:204) ~[paper-26.2.jar:26.2-63-3a55f62]
	at io.papermc.paperclip.Paperclip.lambda$main$0(Paperclip.java:42) ~[?:?]
	at java.base/java.lang.Thread.run(Thread.java:1474) ~[?:?]
[12:56:06] [ServerMain/WARN]: Failed to get system info for Process Resident Size (MiB)
java.lang.NullPointerException: Cannot invoke "oshi.software.os.OSProcess.getResidentSetSize()" because "process" is null
	at net.minecraft.SystemReport.lambda$putProcessDetails$2(SystemReport.java:209) ~[paper-26.2.jar:26.2-63-3a55f62]
	at net.minecraft.SystemReport.setDetail(SystemReport.java:96) ~[paper-26.2.jar:26.2-63-3a55f62]
	at net.minecraft.SystemReport.putProcessDetails(SystemReport.java:209) ~[paper-26.2.jar:26.2-63-3a55f62]
	at net.minecraft.SystemReport.lambda$putSoftware$0(SystemReport.java:115) ~[paper-26.2.jar:26.2-63-3a55f62]
	at net.minecraft.SystemReport.ignoreErrors(SystemReport.java:120) ~[paper-26.2.jar:26.2-63-3a55f62]
	at net.minecraft.SystemReport.putSoftware(SystemReport.java:115) ~[paper-26.2.jar:26.2-63-3a55f62]
	at net.minecraft.SystemReport.lambda$new$7(SystemReport.java:68) ~[paper-26.2.jar:26.2-63-3a55f62]
	at net.minecraft.SystemReport.ignoreErrors(SystemReport.java:120) ~[paper-26.2.jar:26.2-63-3a55f62]
	at net.minecraft.SystemReport.<init>(SystemReport.java:68) ~[paper-26.2.jar:26.2-63-3a55f62]
	at net.minecraft.CrashReport.<init>(CrashReport.java:32) ~[paper-26.2.jar:26.2-63-3a55f62]
	at net.minecraft.CrashReport.preload(CrashReport.java:240) ~[paper-26.2.jar:26.2-63-3a55f62]
	at net.minecraft.server.Main.main(Main.java:105) ~[paper-26.2.jar:26.2-63-3a55f62]
	at io.papermc.paper.PaperBootstrap.boot(PaperBootstrap.java:25) ~[paper-26.2.jar:26.2-63-3a55f62]
	at org.bukkit.craftbukkit.Main.main(Main.java:204) ~[paper-26.2.jar:26.2-63-3a55f62]
	at io.papermc.paperclip.Paperclip.lambda$main$0(Paperclip.java:42) ~[?:?]
	at java.base/java.lang.Thread.run(Thread.java:1474) ~[?:?]
[12:56:06] [ServerMain/INFO]: [PluginInitializerManager] Initializing plugins...
[12:56:07] [ServerMain/INFO]: [PluginInitializerManager] Initialized 26 plugins
[12:56:07] [ServerMain/INFO]: [PluginInitializerManager] Bukkit plugins (26):
 - BountyHunter (1.0.0), Citizens (2.0.43-SNAPSHOT (build 4217)), CustomBansPlus (3.6), Denizen (1.3.0-SNAPSHOT (build 1803-REL)), DiscordSRV (1.30.5), Essentials (2.22.1-dev+12-776f709), EssentialsChat (2.22.1-dev+12-776f709), GSit (3.5.1), ItemEdit (3.7.10), ItemTag (3.7.7), LuckPerms (5.5.60), Multiverse-Core (5.7.2), PlaceholderAPI (2.12.3), ProtocolLib (5.4.0), Shopkeepers (2.27.0), SkinsRestorer (15.12.5), Skript (2.16.0), TAB (6.1.0), VIshopGUI (2.0), Vault (1.7.3-b131), WorldEdit (7.4.4+7546-f9e033f), WorldGuard (7.0.17+2370-e42d8bc), customcrafting (5.0-alpha.4.0.0), scafall (1.0-alpha.2.0), skript-gui (1.3.2), skript-placeholders (1.7.2)
[12:56:12] [ServerMain/INFO]: Environment: Environment[sessionHost=https://sessionserver.mojang.com, servicesHost=https://api.minecraftservices.com, profilesHost=https://api.mojang.com, name=PROD]
[12:56:16] [ServerMain/INFO]: Loaded 1585 recipes
[12:56:16] [ServerMain/INFO]: Loaded 1688 advancements
[12:56:16] [ServerMain/INFO]: [ca.spottedleaf.dataconverter.minecraft.datatypes.MCTypeRegistry] Initialising converters for DataConverter...
[12:56:17] [ServerMain/INFO]: [ca.spottedleaf.dataconverter.minecraft.datatypes.MCTypeRegistry] Finished initialising converters for DataConverter in 402,4ms
[12:56:17] [Server thread/INFO]: Starting minecraft server version 26.2
[12:56:17] [Server thread/INFO]: Loading properties
[12:56:17] [Server thread/INFO]: This server is running Paper version 26.2-63-main@3a55f62 (2026-07-21T11:27:16Z) (Implementing API version 26.2.build.63-beta)
[12:56:17] [Server thread/INFO]: [spark] This server bundles the spark profiler. For more information please visit https://docs.papermc.io/paper/profiling
[12:56:17] [Server thread/INFO]: Using 4 threads for Netty based IO
[12:56:17] [Server thread/INFO]: Server Ping Player Sample Count: 12
[12:56:17] [Server thread/INFO]: [MoonriseCommon] Paper is using 1 worker threads, 1 I/O threads
[12:56:18] [Server thread/INFO]: Default game type: SURVIVAL
[12:56:18] [Server thread/INFO]: Generating keypair
[12:56:18] [Server thread/INFO]: Starting Minecraft server on 0.0.0.0:50076
[12:56:18] [Server thread/INFO]: Paper: Using Java compression from Velocity.
[12:56:18] [Server thread/INFO]: Paper: Using Java cipher from Velocity.
[12:56:18] [Server thread/INFO]: [SpigotLibraryLoader] [Citizens] Loading 4 libraries... please wait
[12:56:18] [Server thread/INFO]: [SpigotLibraryLoader] [Citizens] Loaded library C:\Users\arecz\Desktop\stargrdRp\libraries\ch\ethz\globis\phtree\phtree\2.8.2\phtree-2.8.2.jar
[12:56:18] [Server thread/INFO]: [SpigotLibraryLoader] [Citizens] Loaded library C:\Users\arecz\Desktop\stargrdRp\libraries\org\joml\joml\1.10.9\joml-1.10.9.jar
[12:56:18] [Server thread/INFO]: [SpigotLibraryLoader] [Citizens] Loaded library C:\Users\arecz\Desktop\stargrdRp\libraries\it\unimi\dsi\fastutil\8.5.16\fastutil-8.5.16.jar
[12:56:18] [Server thread/INFO]: [SpigotLibraryLoader] [Citizens] Loaded library C:\Users\arecz\Desktop\stargrdRp\libraries\team\unnamed\mocha\3.0.0\mocha-3.0.0.jar
[12:56:18] [Server thread/INFO]: [SpigotLibraryLoader] [Citizens] Loaded library C:\Users\arecz\Desktop\stargrdRp\libraries\org\javassist\javassist\3.30.2-GA\javassist-3.30.2-GA.jar
[12:56:18] [Server thread/INFO]: [SpigotLibraryLoader] [Citizens] Loaded library C:\Users\arecz\Desktop\stargrdRp\libraries\org\jetbrains\annotations\24.0.1\annotations-24.0.1.jar
[12:56:18] [Server thread/INFO]: [SpigotLibraryLoader] [ItemEdit] Loading 5 libraries... please wait
[12:56:19] [Server thread/INFO]: [SpigotLibraryLoader] [ItemEdit] Loaded library C:\Users\arecz\Desktop\stargrdRp\libraries\net\kyori\adventure-api\5.1.1\adventure-api-5.1.1.jar
[12:56:19] [Server thread/INFO]: [SpigotLibraryLoader] [ItemEdit] Loaded library C:\Users\arecz\Desktop\stargrdRp\libraries\net\kyori\adventure-key\5.1.1\adventure-key-5.1.1.jar
[12:56:19] [Server thread/INFO]: [SpigotLibraryLoader] [ItemEdit] Loaded library C:\Users\arecz\Desktop\stargrdRp\libraries\org\jspecify\jspecify\1.0.0\jspecify-1.0.0.jar
[12:56:19] [Server thread/INFO]: [SpigotLibraryLoader] [ItemEdit] Loaded library C:\Users\arecz\Desktop\stargrdRp\libraries\org\jetbrains\annotations\26.1.0\annotations-26.1.0.jar
[12:56:19] [Server thread/INFO]: [SpigotLibraryLoader] [ItemEdit] Loaded library C:\Users\arecz\Desktop\stargrdRp\libraries\net\kyori\adventure-platform-bukkit\4.4.1\adventure-platform-bukkit-4.4.1.jar
[12:56:19] [Server thread/INFO]: [SpigotLibraryLoader] [ItemEdit] Loaded library C:\Users\arecz\Desktop\stargrdRp\libraries\net\kyori\adventure-platform-api\4.4.1\adventure-platform-api-4.4.1.jar
[12:56:19] [Server thread/INFO]: [SpigotLibraryLoader] [ItemEdit] Loaded library C:\Users\arecz\Desktop\stargrdRp\libraries\net\kyori\adventure-text-serializer-bungeecord\4.4.1\adventure-text-serializer-bungeecord-4.4.1.jar
[12:56:19] [Server thread/INFO]: [SpigotLibraryLoader] [ItemEdit] Loaded library C:\Users\arecz\Desktop\stargrdRp\libraries\net\kyori\adventure-nbt\4.21.0\adventure-nbt-4.21.0.jar
[12:56:19] [Server thread/INFO]: [SpigotLibraryLoader] [ItemEdit] Loaded library C:\Users\arecz\Desktop\stargrdRp\libraries\net\kyori\examination-api\1.3.0\examination-api-1.3.0.jar
[12:56:19] [Server thread/INFO]: [SpigotLibraryLoader] [ItemEdit] Loaded library C:\Users\arecz\Desktop\stargrdRp\libraries\net\kyori\examination-string\1.3.0\examination-string-1.3.0.jar
[12:56:19] [Server thread/INFO]: [SpigotLibraryLoader] [ItemEdit] Loaded library C:\Users\arecz\Desktop\stargrdRp\libraries\net\kyori\adventure-text-serializer-gson-legacy-impl\4.21.0\adventure-text-serializer-gson-legacy-impl-4.21.0.jar
[12:56:19] [Server thread/INFO]: [SpigotLibraryLoader] [ItemEdit] Loaded library C:\Users\arecz\Desktop\stargrdRp\libraries\net\kyori\adventure-text-serializer-json-legacy-impl\4.21.0\adventure-text-serializer-json-legacy-impl-4.21.0.jar
[12:56:19] [Server thread/INFO]: [SpigotLibraryLoader] [ItemEdit] Loaded library C:\Users\arecz\Desktop\stargrdRp\libraries\net\kyori\adventure-platform-facet\4.4.1\adventure-platform-facet-4.4.1.jar
[12:56:19] [Server thread/INFO]: [SpigotLibraryLoader] [ItemEdit] Loaded library C:\Users\arecz\Desktop\stargrdRp\libraries\net\kyori\adventure-platform-viaversion\4.4.1\adventure-platform-viaversion-4.4.1.jar
[12:56:19] [Server thread/INFO]: [SpigotLibraryLoader] [ItemEdit] Loaded library C:\Users\arecz\Desktop\stargrdRp\libraries\net\kyori\adventure-text-minimessage\5.1.1\adventure-text-minimessage-5.1.1.jar
[12:56:19] [Server thread/INFO]: [SpigotLibraryLoader] [ItemEdit] Loaded library C:\Users\arecz\Desktop\stargrdRp\libraries\net\kyori\adventure-text-serializer-gson\5.1.1\adventure-text-serializer-gson-5.1.1.jar
[12:56:19] [Server thread/INFO]: [SpigotLibraryLoader] [ItemEdit] Loaded library C:\Users\arecz\Desktop\stargrdRp\libraries\net\kyori\adventure-text-serializer-json\5.1.1\adventure-text-serializer-json-5.1.1.jar
[12:56:19] [Server thread/INFO]: [SpigotLibraryLoader] [ItemEdit] Loaded library C:\Users\arecz\Desktop\stargrdRp\libraries\net\kyori\option\1.1.0\option-1.1.0.jar
[12:56:19] [Server thread/INFO]: [SpigotLibraryLoader] [ItemEdit] Loaded library C:\Users\arecz\Desktop\stargrdRp\libraries\com\google\code\gson\gson\2.13.2\gson-2.13.2.jar
[12:56:19] [Server thread/INFO]: [SpigotLibraryLoader] [ItemEdit] Loaded library C:\Users\arecz\Desktop\stargrdRp\libraries\com\google\errorprone\error_prone_annotations\2.41.0\error_prone_annotations-2.41.0.jar
[12:56:19] [Server thread/INFO]: [SpigotLibraryLoader] [ItemEdit] Loaded library C:\Users\arecz\Desktop\stargrdRp\libraries\com\google\auto\service\auto-service-annotations\1.1.1\auto-service-annotations-1.1.1.jar
[12:56:19] [Server thread/INFO]: [SpigotLibraryLoader] [ItemEdit] Loaded library C:\Users\arecz\Desktop\stargrdRp\libraries\net\kyori\adventure-text-serializer-commons\5.1.1\adventure-text-serializer-commons-5.1.1.jar
[12:56:19] [Server thread/INFO]: [SpigotLibraryLoader] [ItemEdit] Loaded library C:\Users\arecz\Desktop\stargrdRp\libraries\net\kyori\adventure-text-serializer-legacy\5.1.1\adventure-text-serializer-legacy-5.1.1.jar
[12:56:19] [Server thread/INFO]: [SpigotLibraryLoader] [scafall] Loading 15 libraries... please wait
[12:56:19] [Server thread/INFO]: [SpigotLibraryLoader] [scafall] Loaded library C:\Users\arecz\Desktop\stargrdRp\libraries\org\jetbrains\kotlin\kotlin-stdlib-jdk8\2.3.10\kotlin-stdlib-jdk8-2.3.10.jar
[12:56:19] [Server thread/INFO]: [SpigotLibraryLoader] [scafall] Loaded library C:\Users\arecz\Desktop\stargrdRp\libraries\org\jetbrains\kotlin\kotlin-stdlib\2.3.10\kotlin-stdlib-2.3.10.jar
[12:56:19] [Server thread/INFO]: [SpigotLibraryLoader] [scafall] Loaded library C:\Users\arecz\Desktop\stargrdRp\libraries\org\jetbrains\kotlin\kotlin-stdlib-jdk7\2.3.10\kotlin-stdlib-jdk7-2.3.10.jar
[12:56:19] [Server thread/INFO]: [SpigotLibraryLoader] [scafall] Loaded library C:\Users\arecz\Desktop\stargrdRp\libraries\org\jetbrains\kotlin\kotlin-reflect\2.3.10\kotlin-reflect-2.3.10.jar
[12:56:19] [Server thread/INFO]: [SpigotLibraryLoader] [scafall] Loaded library C:\Users\arecz\Desktop\stargrdRp\libraries\org\jetbrains\annotations\23.0.0\annotations-23.0.0.jar
[12:56:19] [Server thread/INFO]: [SpigotLibraryLoader] [scafall] Loaded library C:\Users\arecz\Desktop\stargrdRp\libraries\com\typesafe\config\1.3.1\config-1.3.1.jar
[12:56:19] [Server thread/INFO]: [SpigotLibraryLoader] [scafall] Loaded library C:\Users\arecz\Desktop\stargrdRp\libraries\org\jetbrains\exposed\exposed-core\1.1.1\exposed-core-1.1.1.jar
[12:56:19] [Server thread/INFO]: [SpigotLibraryLoader] [scafall] Loaded library C:\Users\arecz\Desktop\stargrdRp\libraries\org\jetbrains\kotlinx\kotlinx-coroutines-core-jvm\1.10.2\kotlinx-coroutines-core-jvm-1.10.2.jar
[12:56:19] [Server thread/INFO]: [SpigotLibraryLoader] [scafall] Loaded library C:\Users\arecz\Desktop\stargrdRp\libraries\org\jetbrains\kotlinx\kotlinx-datetime-jvm\0.7.1-0.6.x-compat\kotlinx-datetime-jvm-0.7.1-0.6.x-compat.jar
[12:56:19] [Server thread/INFO]: [SpigotLibraryLoader] [scafall] Loaded library C:\Users\arecz\Desktop\stargrdRp\libraries\org\slf4j\slf4j-api\2.0.9\slf4j-api-2.0.9.jar
[12:56:19] [Server thread/INFO]: [SpigotLibraryLoader] [scafall] Loaded library C:\Users\arecz\Desktop\stargrdRp\libraries\org\jetbrains\exposed\exposed-jdbc\1.1.1\exposed-jdbc-1.1.1.jar
[12:56:19] [Server thread/INFO]: [SpigotLibraryLoader] [scafall] Loaded library C:\Users\arecz\Desktop\stargrdRp\libraries\org\jetbrains\exposed\exposed-json\1.1.1\exposed-json-1.1.1.jar
[12:56:19] [Server thread/INFO]: [SpigotLibraryLoader] [scafall] Loaded library C:\Users\arecz\Desktop\stargrdRp\libraries\org\jetbrains\kotlinx\kotlinx-serialization-json-jvm\1.9.0\kotlinx-serialization-json-jvm-1.9.0.jar
[12:56:19] [Server thread/INFO]: [SpigotLibraryLoader] [scafall] Loaded library C:\Users\arecz\Desktop\stargrdRp\libraries\org\jetbrains\kotlinx\kotlinx-serialization-core-jvm\1.9.0\kotlinx-serialization-core-jvm-1.9.0.jar
[12:56:19] [Server thread/INFO]: [SpigotLibraryLoader] [scafall] Loaded library C:\Users\arecz\Desktop\stargrdRp\libraries\net\kyori\adventure-api\5.1.1\adventure-api-5.1.1.jar
[12:56:19] [Server thread/INFO]: [SpigotLibraryLoader] [scafall] Loaded library C:\Users\arecz\Desktop\stargrdRp\libraries\net\kyori\adventure-key\5.1.1\adventure-key-5.1.1.jar
[12:56:19] [Server thread/INFO]: [SpigotLibraryLoader] [scafall] Loaded library C:\Users\arecz\Desktop\stargrdRp\libraries\org\jspecify\jspecify\1.0.0\jspecify-1.0.0.jar
[12:56:19] [Server thread/INFO]: [SpigotLibraryLoader] [scafall] Loaded library C:\Users\arecz\Desktop\stargrdRp\libraries\net\kyori\adventure-text-minimessage\4.10.0\adventure-text-minimessage-4.10.0.jar
[12:56:19] [Server thread/INFO]: [SpigotLibraryLoader] [scafall] Loaded library C:\Users\arecz\Desktop\stargrdRp\libraries\net\kyori\adventure-platform-bukkit\4.4.1\adventure-platform-bukkit-4.4.1.jar
[12:56:19] [Server thread/INFO]: [SpigotLibraryLoader] [scafall] Loaded library C:\Users\arecz\Desktop\stargrdRp\libraries\net\kyori\adventure-platform-api\4.4.1\adventure-platform-api-4.4.1.jar
[12:56:19] [Server thread/INFO]: [SpigotLibraryLoader] [scafall] Loaded library C:\Users\arecz\Desktop\stargrdRp\libraries\net\kyori\adventure-text-serializer-bungeecord\4.4.1\adventure-text-serializer-bungeecord-4.4.1.jar
[12:56:19] [Server thread/INFO]: [SpigotLibraryLoader] [scafall] Loaded library C:\Users\arecz\Desktop\stargrdRp\libraries\net\kyori\adventure-text-serializer-legacy\4.21.0\adventure-text-serializer-legacy-4.21.0.jar
[12:56:19] [Server thread/INFO]: [SpigotLibraryLoader] [scafall] Loaded library C:\Users\arecz\Desktop\stargrdRp\libraries\net\kyori\adventure-nbt\4.21.0\adventure-nbt-4.21.0.jar
[12:56:19] [Server thread/INFO]: [SpigotLibraryLoader] [scafall] Loaded library C:\Users\arecz\Desktop\stargrdRp\libraries\net\kyori\examination-api\1.3.0\examination-api-1.3.0.jar
[12:56:19] [Server thread/INFO]: [SpigotLibraryLoader] [scafall] Loaded library C:\Users\arecz\Desktop\stargrdRp\libraries\net\kyori\examination-string\1.3.0\examination-string-1.3.0.jar
[12:56:19] [Server thread/INFO]: [SpigotLibraryLoader] [scafall] Loaded library C:\Users\arecz\Desktop\stargrdRp\libraries\net\kyori\adventure-text-serializer-gson\4.21.0\adventure-text-serializer-gson-4.21.0.jar
[12:56:19] [Server thread/INFO]: [SpigotLibraryLoader] [scafall] Loaded library C:\Users\arecz\Desktop\stargrdRp\libraries\net\kyori\adventure-text-serializer-json\4.21.0\adventure-text-serializer-json-4.21.0.jar
[12:56:19] [Server thread/INFO]: [SpigotLibraryLoader] [scafall] Loaded library C:\Users\arecz\Desktop\stargrdRp\libraries\net\kyori\option\1.1.0\option-1.1.0.jar
[12:56:19] [Server thread/INFO]: [SpigotLibraryLoader] [scafall] Loaded library C:\Users\arecz\Desktop\stargrdRp\libraries\com\google\auto\service\auto-service-annotations\1.1.1\auto-service-annotations-1.1.1.jar
[12:56:19] [Server thread/INFO]: [SpigotLibraryLoader] [scafall] Loaded library C:\Users\arecz\Desktop\stargrdRp\libraries\net\kyori\adventure-text-serializer-commons\4.21.0\adventure-text-serializer-commons-4.21.0.jar
[12:56:19] [Server thread/INFO]: [SpigotLibraryLoader] [scafall] Loaded library C:\Users\arecz\Desktop\stargrdRp\libraries\net\kyori\adventure-text-serializer-gson-legacy-impl\4.21.0\adventure-text-serializer-gson-legacy-impl-4.21.0.jar
[12:56:19] [Server thread/INFO]: [SpigotLibraryLoader] [scafall] Loaded library C:\Users\arecz\Desktop\stargrdRp\libraries\net\kyori\adventure-text-serializer-json-legacy-impl\4.21.0\adventure-text-serializer-json-legacy-impl-4.21.0.jar
[12:56:19] [Server thread/INFO]: [SpigotLibraryLoader] [scafall] Loaded library C:\Users\arecz\Desktop\stargrdRp\libraries\net\kyori\adventure-platform-facet\4.4.1\adventure-platform-facet-4.4.1.jar
[12:56:19] [Server thread/INFO]: [SpigotLibraryLoader] [scafall] Loaded library C:\Users\arecz\Desktop\stargrdRp\libraries\net\kyori\adventure-platform-viaversion\4.4.1\adventure-platform-viaversion-4.4.1.jar
[12:56:19] [Server thread/INFO]: [SpigotLibraryLoader] [scafall] Loaded library C:\Users\arecz\Desktop\stargrdRp\libraries\com\fasterxml\jackson\module\jackson-module-kotlin\2.13.0\jackson-module-kotlin-2.13.0.jar
[12:56:19] [Server thread/INFO]: [SpigotLibraryLoader] [scafall] Loaded library C:\Users\arecz\Desktop\stargrdRp\libraries\com\fasterxml\jackson\core\jackson-databind\2.15.4\jackson-databind-2.15.4.jar
[12:56:19] [Server thread/INFO]: [SpigotLibraryLoader] [scafall] Loaded library C:\Users\arecz\Desktop\stargrdRp\libraries\com\fasterxml\jackson\core\jackson-annotations\2.15.4\jackson-annotations-2.15.4.jar
[12:56:19] [Server thread/INFO]: [SpigotLibraryLoader] [scafall] Loaded library C:\Users\arecz\Desktop\stargrdRp\libraries\com\fasterxml\jackson\core\jackson-core\2.15.4\jackson-core-2.15.4.jar
[12:56:20] [Server thread/INFO]: [SpigotLibraryLoader] [customcrafting] Loading 10 libraries... please wait
[12:56:20] [Server thread/INFO]: [SpigotLibraryLoader] [customcrafting] Loaded library C:\Users\arecz\Desktop\stargrdRp\libraries\com\h2database\h2\2.2.224\h2-2.2.224.jar
[12:56:20] [Server thread/INFO]: [SpigotLibraryLoader] [customcrafting] Loaded library C:\Users\arecz\Desktop\stargrdRp\libraries\org\mariadb\jdbc\mariadb-java-client\3.3.1\mariadb-java-client-3.3.1.jar
[12:56:20] [Server thread/INFO]: [SpigotLibraryLoader] [customcrafting] Loaded library C:\Users\arecz\Desktop\stargrdRp\libraries\com\github\waffle\waffle-jna\3.3.0\waffle-jna-3.3.0.jar
[12:56:20] [Server thread/INFO]: [SpigotLibraryLoader] [customcrafting] Loaded library C:\Users\arecz\Desktop\stargrdRp\libraries\net\java\dev\jna\jna\5.13.0\jna-5.13.0.jar
[12:56:20] [Server thread/INFO]: [SpigotLibraryLoader] [customcrafting] Loaded library C:\Users\arecz\Desktop\stargrdRp\libraries\net\java\dev\jna\jna-platform\5.13.0\jna-platform-5.13.0.jar
[12:56:20] [Server thread/INFO]: [SpigotLibraryLoader] [customcrafting] Loaded library C:\Users\arecz\Desktop\stargrdRp\libraries\org\slf4j\jcl-over-slf4j\2.0.7\jcl-over-slf4j-2.0.7.jar
[12:56:20] [Server thread/INFO]: [SpigotLibraryLoader] [customcrafting] Loaded library C:\Users\arecz\Desktop\stargrdRp\libraries\org\slf4j\slf4j-api\2.0.7\slf4j-api-2.0.7.jar
[12:56:20] [Server thread/INFO]: [SpigotLibraryLoader] [customcrafting] Loaded library C:\Users\arecz\Desktop\stargrdRp\libraries\com\mysql\mysql-connector-j\8.0.33\mysql-connector-j-8.0.33.jar
[12:56:20] [Server thread/INFO]: [SpigotLibraryLoader] [customcrafting] Loaded library C:\Users\arecz\Desktop\stargrdRp\libraries\com\google\protobuf\protobuf-java\3.21.9\protobuf-java-3.21.9.jar
[12:56:20] [Server thread/INFO]: [SpigotLibraryLoader] [customcrafting] Loaded library C:\Users\arecz\Desktop\stargrdRp\libraries\com\oracle\database\jdbc\ojdbc8\12.2.0.1\ojdbc8-12.2.0.1.jar
[12:56:20] [Server thread/INFO]: [SpigotLibraryLoader] [customcrafting] Loaded library C:\Users\arecz\Desktop\stargrdRp\libraries\com\oracle\database\jdbc\ucp\12.2.0.1\ucp-12.2.0.1.jar
[12:56:20] [Server thread/INFO]: [SpigotLibraryLoader] [customcrafting] Loaded library C:\Users\arecz\Desktop\stargrdRp\libraries\com\oracle\database\security\oraclepki\12.2.0.1\oraclepki-12.2.0.1.jar
[12:56:20] [Server thread/INFO]: [SpigotLibraryLoader] [customcrafting] Loaded library C:\Users\arecz\Desktop\stargrdRp\libraries\com\oracle\database\security\osdt_cert\12.2.0.1\osdt_cert-12.2.0.1.jar
[12:56:20] [Server thread/INFO]: [SpigotLibraryLoader] [customcrafting] Loaded library C:\Users\arecz\Desktop\stargrdRp\libraries\com\oracle\database\security\osdt_core\12.2.0.1\osdt_core-12.2.0.1.jar
[12:56:20] [Server thread/INFO]: [SpigotLibraryLoader] [customcrafting] Loaded library C:\Users\arecz\Desktop\stargrdRp\libraries\com\oracle\database\ha\simplefan\12.2.0.1\simplefan-12.2.0.1.jar
[12:56:20] [Server thread/INFO]: [SpigotLibraryLoader] [customcrafting] Loaded library C:\Users\arecz\Desktop\stargrdRp\libraries\com\oracle\database\ha\ons\12.2.0.1\ons-12.2.0.1.jar
[12:56:20] [Server thread/INFO]: [SpigotLibraryLoader] [customcrafting] Loaded library C:\Users\arecz\Desktop\stargrdRp\libraries\org\postgresql\postgresql\42.7.7\postgresql-42.7.7.jar
[12:56:20] [Server thread/INFO]: [SpigotLibraryLoader] [customcrafting] Loaded library C:\Users\arecz\Desktop\stargrdRp\libraries\org\checkerframework\checker-qual\3.49.3\checker-qual-3.49.3.jar
[12:56:20] [Server thread/INFO]: [SpigotLibraryLoader] [customcrafting] Loaded library C:\Users\arecz\Desktop\stargrdRp\libraries\org\xerial\sqlite-jdbc\3.50.1.0\sqlite-jdbc-3.50.1.0.jar
[12:56:20] [Server thread/INFO]: [SpigotLibraryLoader] [customcrafting] Loaded library C:\Users\arecz\Desktop\stargrdRp\libraries\com\microsoft\sqlserver\mssql-jdbc\9.4.1.jre8\mssql-jdbc-9.4.1.jre8.jar
[12:56:20] [Server thread/INFO]: [SpigotLibraryLoader] [customcrafting] Loaded library C:\Users\arecz\Desktop\stargrdRp\libraries\com\typesafe\config\1.3.1\config-1.3.1.jar
[12:56:20] [Server thread/INFO]: [SpigotLibraryLoader] [customcrafting] Loaded library C:\Users\arecz\Desktop\stargrdRp\libraries\com\github\ben-manes\caffeine\caffeine\3.2.0\caffeine-3.2.0.jar
[12:56:20] [Server thread/INFO]: [SpigotLibraryLoader] [customcrafting] Loaded library C:\Users\arecz\Desktop\stargrdRp\libraries\org\jspecify\jspecify\1.0.0\jspecify-1.0.0.jar
[12:56:20] [Server thread/INFO]: [SpigotLibraryLoader] [customcrafting] Loaded library C:\Users\arecz\Desktop\stargrdRp\libraries\com\google\errorprone\error_prone_annotations\2.36.0\error_prone_annotations-2.36.0.jar
[12:56:20] [Server thread/INFO]: [SpigotLibraryLoader] [customcrafting] Loaded library C:\Users\arecz\Desktop\stargrdRp\libraries\org\bstats\bstats-bukkit\3.0.0\bstats-bukkit-3.0.0.jar
[12:56:20] [Server thread/INFO]: [SpigotLibraryLoader] [customcrafting] Loaded library C:\Users\arecz\Desktop\stargrdRp\libraries\org\bstats\bstats-base\3.0.0\bstats-base-3.0.0.jar
[12:56:21] [Server thread/INFO]: [customcrafting] Loading configurations...
[12:56:21] [Server thread/INFO]: [SpigotLibraryLoader] [Denizen] Loading 2 libraries... please wait
[12:56:21] [Server thread/INFO]: [SpigotLibraryLoader] [Denizen] Loaded library C:\Users\arecz\Desktop\stargrdRp\libraries\org\mongodb\mongodb-driver-sync\4.8.1\mongodb-driver-sync-4.8.1.jar
[12:56:21] [Server thread/INFO]: [SpigotLibraryLoader] [Denizen] Loaded library C:\Users\arecz\Desktop\stargrdRp\libraries\org\mongodb\bson\4.8.1\bson-4.8.1.jar
[12:56:21] [Server thread/INFO]: [SpigotLibraryLoader] [Denizen] Loaded library C:\Users\arecz\Desktop\stargrdRp\libraries\org\mongodb\mongodb-driver-core\4.8.1\mongodb-driver-core-4.8.1.jar
[12:56:21] [Server thread/INFO]: [SpigotLibraryLoader] [Denizen] Loaded library C:\Users\arecz\Desktop\stargrdRp\libraries\org\mongodb\bson-record-codec\4.8.1\bson-record-codec-4.8.1.jar
[12:56:21] [Server thread/INFO]: [SpigotLibraryLoader] [Denizen] Loaded library C:\Users\arecz\Desktop\stargrdRp\libraries\redis\clients\jedis\4.3.1\jedis-4.3.1.jar
[12:56:21] [Server thread/INFO]: [SpigotLibraryLoader] [Denizen] Loaded library C:\Users\arecz\Desktop\stargrdRp\libraries\org\slf4j\slf4j-api\1.7.36\slf4j-api-1.7.36.jar
[12:56:21] [Server thread/INFO]: [SpigotLibraryLoader] [Denizen] Loaded library C:\Users\arecz\Desktop\stargrdRp\libraries\org\apache\commons\commons-pool2\2.11.1\commons-pool2-2.11.1.jar
[12:56:21] [Server thread/INFO]: [SpigotLibraryLoader] [Denizen] Loaded library C:\Users\arecz\Desktop\stargrdRp\libraries\org\json\json\20220320\json-20220320.jar
[12:56:21] [Server thread/INFO]: [SpigotLibraryLoader] [Denizen] Loaded library C:\Users\arecz\Desktop\stargrdRp\libraries\com\google\code\gson\gson\2.8.9\gson-2.8.9.jar
[12:56:21] [Server thread/INFO]: [LuckPerms] Loading server plugin LuckPerms v5.5.60
[12:56:22] [Server thread/INFO]: [LuckPerms] Loading configuration...
[12:56:22] [Server thread/INFO]: [Vault] Loading server plugin Vault v1.7.3-b131
[12:56:22] [Server thread/INFO]: [WorldEdit] Loading server plugin WorldEdit v7.4.4+7546-f9e033f
[12:56:23] [Server thread/INFO]: Got request to register class com.sk89q.worldedit.bukkit.BukkitServerInterface with WorldEdit [com.sk89q.worldedit.extension.platform.PlatformManager@2a926a80]
[12:56:23] [Server thread/INFO]: [PlaceholderAPI] Loading server plugin PlaceholderAPI v2.12.3
[12:56:23] [Server thread/INFO]: [WorldGuard] Loading server plugin WorldGuard v7.0.17+2370-e42d8bc
[12:56:23] [Server thread/INFO]: [CoreLogging] Loading server plugin Multiverse-Core v5.7.2
[12:56:23] [Server thread/INFO]: [Essentials] Loading server plugin Essentials v2.22.1-dev+12-776f709
[12:56:23] [Server thread/INFO]: [Skript] Loading server plugin Skript v2.16.0
[12:56:23] [Server thread/INFO]: [ProtocolLib] Loading server plugin ProtocolLib v5.4.0
[12:56:23] [Server thread/WARN]: [ProtocolLib] Version (MC: 26.2.0) has not yet been tested! Proceed with caution.
[12:56:24] [Server thread/INFO]: [Citizens] Loading server plugin Citizens v2.0.43-SNAPSHOT (build 4217)
[12:56:24] [Server thread/INFO]: [ItemEdit] Loading server plugin ItemEdit v3.7.10
[12:56:24] [Server thread/INFO]: [scafall] Loading server plugin scafall v1.0-alpha.2.0
[12:56:24] [Server thread/INFO]: [DiscordSRV] Loading server plugin DiscordSRV v1.30.5
[12:56:24] [Server thread/INFO]: [VIshopGUI] Loading server plugin VIshopGUI v2.0
[12:56:24] [Server thread/INFO]: [TAB] Loading server plugin TAB v6.1.0
[12:56:24] [Server thread/INFO]: [skript-placeholders] Loading server plugin skript-placeholders v1.7.2
[12:56:24] [Server thread/INFO]: [skript-gui] Loading server plugin skript-gui v1.3.2
[12:56:24] [Server thread/INFO]: [SkinsRestorer] Loading server plugin SkinsRestorer v15.12.5
[12:56:24] [Server thread/INFO]: [Shopkeepers] Loading server plugin Shopkeepers v2.27.0
[12:56:24] [Server thread/INFO]: [Shopkeepers] Compatibility provider loaded: 26_2_R1_paper
[12:56:24] [Server thread/INFO]: [Shopkeepers] Loading config.
[12:56:24] [Server thread/INFO]: [Shopkeepers] Loading language file: language-en-default.yml
[12:56:24] [Server thread/INFO]: [Shopkeepers] Registering WorldGuard flag 'allow-shop'.
[12:56:24] [Server thread/INFO]: [Shopkeepers] Registering defaults.
[12:56:24] [Server thread/INFO]: [Shopkeepers] Loaded all plugin classes (402 ms).
[12:56:24] [Server thread/INFO]: [ItemTag] Loading server plugin ItemTag v3.7.7
[12:56:24] [Server thread/INFO]: [GSit] Loading server plugin GSit v3.5.1
[12:56:25] [Server thread/INFO]: [EssentialsChat] Loading server plugin EssentialsChat v2.22.1-dev+12-776f709
[12:56:25] [Server thread/INFO]: [customcrafting] Loading server plugin customcrafting v5.0-alpha.4.0.0
[12:56:25] [Server thread/INFO]: [customcrafting] Loading configurations...
[12:56:25] [Server thread/INFO]: [customcrafting] [Resources] Construct sources: Local default (filter=Filter (includes=(namespaces=[], paths=[], regex=[]), excludes=null), overwrite=false, propagateSaved=false)
[12:56:25] [Server thread/INFO]: [customcrafting] [Resources] Construct sources: Local custom (filter=Filter (includes=(namespaces=[customcrafting], paths=[], regex=[]), excludes=null), overwrite=true, propagateSaved=false)
[12:56:25] [Server thread/INFO]: [CustomBansPlus] Loading server plugin CustomBansPlus v3.6
[12:56:25] [Server thread/INFO]: [Denizen] Loading server plugin Denizen v1.3.0-SNAPSHOT (build 1803-REL)
[12:56:25] [Server thread/INFO]: [BountyHunter] Loading server plugin BountyHunter v1.0.0
[12:56:25] [Server thread/INFO]: Server permissions file permissions.yml is empty, ignoring it
[12:56:25] [Server thread/INFO]: [LuckPerms] Enabling LuckPerms v5.5.60
[12:56:25] [Server thread/INFO]:         __    
[12:56:25] [Server thread/INFO]:   |    |__)   LuckPerms v5.5.60
[12:56:25] [Server thread/INFO]:   |___ |      Running on Bukkit - Paper
[12:56:25] [Server thread/INFO]: 
[12:56:25] [Server thread/INFO]: [LuckPerms] Loading storage provider... [H2]
[12:56:26] [Server thread/INFO]: [LuckPerms] Loading internal permission managers...
[12:56:26] [Server thread/INFO]: [LuckPerms] Performing initial data load...
[12:56:26] [Server thread/INFO]: [LuckPerms] Successfully enabled. (took 1833ms)
[12:56:26] [Server thread/INFO]: [Vault] Enabling Vault v1.7.3-b131
[12:56:26] [Server thread/INFO]: [Vault] [Economy] Essentials Economy found: Waiting
[12:56:26] [Server thread/INFO]: [Vault] [Permission] SuperPermissions loaded as backup permission system.
[12:56:26] [Server thread/INFO]: [Vault] Enabled Version 1.7.3-b131
[12:56:27] [Server thread/INFO]: [LuckPerms] Registered Vault permission & chat hook.
[12:56:27] [Server thread/INFO]: [WorldEdit] Enabling WorldEdit v7.4.4+7546-f9e033f
[12:56:27] [Server thread/INFO]: Registering commands with com.sk89q.worldedit.bukkit.BukkitServerInterface
[12:56:27] [Server thread/INFO]: WEPIF: Vault detected! Using Vault for permissions
[12:56:28] [Server thread/INFO]: Using com.sk89q.worldedit.bukkit.adapter.impl.v26_2.PaperweightAdapter as the Bukkit adapter
[12:56:28] [Server thread/INFO]: [ProtocolLib] Enabling ProtocolLib v5.4.0
[12:56:28] [Server thread/INFO]: [scafall] Enabling scafall v1.0-alpha.2.0
[12:56:28] [Server thread/INFO]: [scafall] Detecting dependencies...
[12:56:28] [Server thread/INFO]: [scafall]    Denizen: loaded
[12:56:28] [Server thread/INFO]: [SkinsRestorer] Enabling SkinsRestorer v15.12.5
[12:56:28] [Server thread/INFO]: [SkinsRestorer] Running on Minecraft 26.2.0.
[12:56:29] [Server thread/INFO]: [SkinsRestorer] Using paper join listener!
[12:56:29] [Server thread/INFO]: [PlaceholderAPI] Successfully registered internal expansion: skinsrestorer [15.12.5]
[12:56:29] [Server thread/INFO]: [SkinsRestorer] PlaceholderAPI expansion registered!
[12:56:29] [Server thread/WARN]: **** SERVER IS RUNNING IN OFFLINE/INSECURE MODE!
[12:56:29] [Server thread/WARN]: The server will make no attempt to authenticate usernames. Beware.
[12:56:29] [Server thread/WARN]: While this makes the game possible to play without internet access, it also opens up the ability for hackers to connect with any username they choose.
[12:56:29] [Server thread/WARN]: To change this, set "online-mode" to "true" in the server.properties file.
[12:56:29] [Server thread/INFO]: Preparing level "world"
[12:56:29] [Folia Async Scheduler Thread #1/INFO]: [SkinsRestorer] ----------------------------------------------
[12:56:29] [Folia Async Scheduler Thread #1/INFO]: [SkinsRestorer]     +===================+
[12:56:29] [Folia Async Scheduler Thread #1/INFO]: [SkinsRestorer]     |   SkinsRestorer   |
[12:56:29] [Folia Async Scheduler Thread #1/INFO]: [SkinsRestorer]     |-------------------|
[12:56:29] [Folia Async Scheduler Thread #1/INFO]: [SkinsRestorer]     |  Standalone Mode  |
[12:56:29] [Folia Async Scheduler Thread #1/INFO]: [SkinsRestorer]     +===================+
[12:56:29] [Folia Async Scheduler Thread #1/INFO]: [SkinsRestorer] ----------------------------------------------
[12:56:29] [Folia Async Scheduler Thread #1/INFO]: [SkinsRestorer]     Version: 15.12.5
[12:56:29] [Folia Async Scheduler Thread #1/INFO]: [SkinsRestorer]     Commit: 98b9488
[12:56:29] [Folia Async Scheduler Thread #1/INFO]: [SkinsRestorer]     This is the latest version!
[12:56:29] [Folia Async Scheduler Thread #1/INFO]: [SkinsRestorer] ----------------------------------------------
[12:56:29] [Folia Async Scheduler Thread #1/INFO]: [SkinsRestorer] Do you have issues? Read our troubleshooting guide: https://skinsrestorer.net/docs/troubleshooting
[12:56:29] [Folia Async Scheduler Thread #1/INFO]: [SkinsRestorer] Want to support SkinsRestorer or receive priority support? Become a supporter: https://skinsrestorer.net/pricing
[12:56:30] [Server thread/INFO]: Loading 0 persistent chunks for level 'minecraft:overworld'...
[12:56:30] [Server thread/INFO]: Preparing spawn area: 100%
[12:56:30] [Server thread/INFO]: Prepared spawn area in 2 ms
[12:56:30] [Server thread/INFO]: Loading 0 persistent chunks for level 'minecraft:the_nether'...
[12:56:30] [Server thread/INFO]: Prepared spawn area in 1 ms
[12:56:30] [Server thread/INFO]: Loading 0 persistent chunks for level 'minecraft:the_end'...
[12:56:30] [Server thread/INFO]: Prepared spawn area in 2 ms
[12:56:30] [Server thread/INFO]: Done preparing level "world" (0.889s)
[12:56:30] [Server thread/INFO]: [PlaceholderAPI] Enabling PlaceholderAPI v2.12.3
[12:56:30] [Server thread/INFO]: [PlaceholderAPI] Fetching available expansion information...
[12:56:30] [Server thread/INFO]: [WorldGuard] Enabling WorldGuard v7.0.17+2370-e42d8bc
[12:56:30] [Server thread/INFO]: [WorldGuard] (world) TNT ignition is PERMITTED.
[12:56:30] [Server thread/INFO]: [WorldGuard] (world) Lighters are PERMITTED.
[12:56:30] [Server thread/INFO]: [WorldGuard] (world) Lava fire is PERMITTED.
[12:56:30] [Server thread/INFO]: [WorldGuard] (world) Fire spread is UNRESTRICTED.
[12:56:30] [Server thread/INFO]: [WorldGuard] Loaded configuration for world 'world'
[12:56:30] [Server thread/INFO]: [WorldGuard] (world_nether) TNT ignition is PERMITTED.
[12:56:30] [Server thread/INFO]: [WorldGuard] (world_nether) Lighters are PERMITTED.
[12:56:30] [Server thread/INFO]: [WorldGuard] (world_nether) Lava fire is PERMITTED.
[12:56:30] [Server thread/INFO]: [WorldGuard] (world_nether) Fire spread is UNRESTRICTED.
[12:56:30] [Server thread/INFO]: [WorldGuard] Loaded configuration for world 'world_nether'
[12:56:30] [Server thread/INFO]: [WorldGuard] (world_the_end) TNT ignition is PERMITTED.
[12:56:30] [Server thread/INFO]: [WorldGuard] (world_the_end) Lighters are PERMITTED.
[12:56:30] [Server thread/INFO]: [WorldGuard] (world_the_end) Lava fire is PERMITTED.
[12:56:30] [Server thread/INFO]: [WorldGuard] (world_the_end) Fire spread is UNRESTRICTED.
[12:56:30] [Server thread/INFO]: [WorldGuard] Loaded configuration for world 'world_the_end'
[12:56:30] [Server thread/INFO]: [WorldGuard] Loading region data...
[12:56:30] [Server thread/INFO]: [Multiverse-Core] Enabling Multiverse-Core v5.7.2
[12:56:31] [Server thread/INFO]: [PlaceholderAPI] Successfully registered internal expansion: multiverse-core [5.7.2]
[12:56:31] [Server thread/INFO]: [Multiverse-Core] API service loaded!
[12:56:31] [Server thread/INFO]: [Multiverse-Core] Version 5.7.2 (API v5.7) Enabled - By dumptruckman, Rigby, fernferret, lithium3141, main--, benwoo1110 and Zax71
[12:56:31] [Server thread/INFO]: [Multiverse-Core] Loving Multiverse-Core? Please consider supporting the project with a small donation: https://github.com/sponsors/Multiverse
[12:56:31] [Server thread/INFO]: [Essentials] Enabling Essentials v2.22.1-dev+12-776f709
[12:56:32] [Server thread/INFO]: [Essentials] Attempting to convert old kits in config.yml to new kits.yml
[12:56:32] [Server thread/INFO]: [Essentials] No kits found to migrate.
[12:56:32] [Server thread/INFO]: [Essentials] Selected 1.21.4+ Sync Commands Provider as the provider for SyncCommandsProvider
[12:56:32] [Server thread/INFO]: [Essentials] Selected Paper Tick Count Provider as the provider for TickCountProvider
[12:56:32] [Server thread/INFO]: [Essentials] Selected 1.20.4+ Damage Event Provider as the provider for DamageEventProvider
[12:56:32] [Server thread/INFO]: [Essentials] No provider found for BiomeKeyProvider, but it is nullable
[12:56:32] [Server thread/INFO]: [Essentials] Selected Reflection Formatted Command Alias Provider as the provider for FormattedCommandAliasProvider
[12:56:32] [Server thread/INFO]: [Essentials] Selected 1.14.4+ Persistent Data Container Provider as the provider for PersistentDataProvider
[12:56:32] [Server thread/INFO]: [Essentials] Selected 1.8.3+ Spawner Item Provider as the provider for SpawnerItemProvider
[12:56:32] [Server thread/INFO]: [Essentials] Selected Paper Known Commands Provider as the provider for KnownCommandsProvider
[12:56:32] [Server thread/INFO]: [Essentials] Selected 1.21+ InventoryView Interface ABI Provider as the provider for InventoryViewProvider
[12:56:32] [Server thread/INFO]: [Essentials] Selected 1.11+ Item Unbreakable Provider as the provider for ItemUnbreakableProvider
[12:56:32] [Server thread/INFO]: [Essentials] Selected 1.20.5+ Banner Data Provider as the provider for BannerDataProvider
[12:56:32] [Server thread/INFO]: [Essentials] Selected Paper Serialization Provider as the provider for SerializationProvider
[12:56:32] [Server thread/INFO]: [Essentials] Selected 1.13+ Spawn Egg Provider as the provider for SpawnEggProvider
[12:56:32] [Server thread/INFO]: [Essentials] Selected Reflection Online Mode Provider as the provider for OnlineModeProvider
[12:56:32] [Server thread/INFO]: [Essentials] Selected 1.12.2+ Player Locale Provider as the provider for PlayerLocaleProvider
[12:56:32] [Server thread/INFO]: [Essentials] Selected Modern (Registry-based) PatternType Provider as the provider for PatternTypeProvider
[12:56:32] [Server thread/INFO]: [Essentials] Selected Paper Server State Provider as the provider for ServerStateProvider
[12:56:32] [Server thread/INFO]: [Essentials] Selected 1.14+ Sign Data Provider as the provider for SignDataProvider
[12:56:32] [Server thread/INFO]: [Essentials] Selected Paper 1.13+ Tile Entity Provider as the provider for TileEntityProvider
[12:56:32] [Server thread/INFO]: [Essentials] Selected Paper Material Tag Provider as the provider for MaterialTagProvider
[12:56:32] [Server thread/INFO]: [Essentials] Selected 1.12+ Spawner Block Provider as the provider for SpawnerBlockProvider
[12:56:32] [Server thread/INFO]: [Essentials] Selected 1.20.6+ Potion Meta Provider as the provider for PotionMetaProvider
[12:56:32] [Server thread/INFO]: [Essentials] Selected Paper Container Provider as the provider for ContainerProvider
[12:56:32] [Server thread/INFO]: [Essentials] Selected 1.17.1+ World Info Provider as the provider for WorldInfoProvider
[12:56:32] [Server thread/INFO]: [Essentials] Selected Legacy Biome Name Provider as the provider for BiomeNameProvider
[12:56:32] [Server thread/INFO]: [Essentials] Loaded 46861 items from items.json.
[12:56:32] [Server thread/INFO]: [Essentials] Using locale pl_PL
[12:56:32] [Server thread/INFO]: [Essentials] ServerListPingEvent: Spigot iterator API
[12:56:32] [Server thread/INFO]: [Essentials] Starting Metrics. Opt-out using the global bStats config.
[12:56:32] [Server thread/INFO]: [Vault] [Economy] Essentials Economy hooked.
[12:56:32] [Server thread/INFO]: [Essentials] Using Vault based permissions (LuckPerms)
[12:56:32] [Server thread/INFO]: [Skript] Enabling Skript v2.16.0
[12:56:32] [Server thread/INFO]: [Skript] Successfully generated the config and the example scripts.
[12:56:33] [ForkJoinPool.commonPool-worker-1/INFO]: [Skript] A new version of Skript is available: 2.16.1 (you're currently running 2.16.0)
[12:56:33] [ForkJoinPool.commonPool-worker-1/INFO]: Download it at: https://github.com/SkriptLang/Skript/releases/download/2.16.1/Skript-2.16.1.jar
[12:56:35] [Server thread/INFO]: [Skript]  ~ created by & © Peter Güttinger aka Njol ~
[12:56:35] [Server thread/INFO]: [Citizens] Enabling Citizens v2.0.43-SNAPSHOT (build 4217)
[12:56:35] [Server thread/INFO]: [Citizens] Detected system language [[pl]]. If you'd like you can contribute to Citizens translations via our Discord! https://discord.gg/Q6pZGSR
[12:56:36] [Server thread/INFO]: [Citizens] Loaded 2 templates.
[12:56:36] [Server thread/INFO]: [PlaceholderAPI] Successfully registered internal expansion: citizens [1.0.0]
[12:56:36] [Server thread/INFO]: [Citizens] Loaded economy handling via Vault.
[12:56:36] [Server thread/INFO]: [ItemEdit] Enabling ItemEdit v3.7.10
[12:56:36] [ForkJoinPool.commonPool-worker-1/INFO]: [Skript] Loaded 5750 aliases in 1493ms
[12:56:36] [Server thread/INFO]: [ItemEdit] Hooking into MiniMessageAPI see https://webui.advntr.dev/
[12:56:36] [Server thread/INFO]: [ItemEdit] Selected Storage Type: YAML
[12:56:36] [Server thread/INFO]: [ItemEdit] Hooking into Vault
[12:56:36] [Server thread/INFO]: [ItemEdit] Hooking into PlaceHolderAPI
[12:56:36] [Server thread/INFO]: [ItemEdit] placeholders:
[12:56:36] [Server thread/INFO]: [ItemEdit]   %itemedit_amount_<{itemid}>_[{slot}]_[{player}]%
[12:56:36] [Server thread/INFO]: [ItemEdit]     shows how many itemid player has on slot
[12:56:36] [Server thread/INFO]: [ItemEdit]     <{itemid}> for item id on serveritem
[12:56:36] [Server thread/INFO]: [ItemEdit]     [{slot}] for the slot where the item should be counted, by default inventory
[12:56:36] [Server thread/INFO]: [ItemEdit]       Values: inventory (include offhand), equip (include offhand), inventoryandequip (include offhand), hand, offhand, head, chest, legs, feet
[12:56:36] [Server thread/INFO]: [ItemEdit]     [{player}] for the player, by default self
[12:56:36] [Server thread/INFO]: [ItemEdit]     example: %itemedit_amount_{my_item_id}_{hand}%
[12:56:36] [Server thread/INFO]: [PlaceholderAPI] Successfully registered internal expansion: itemedit [1.0]
[12:56:36] [Server thread/INFO]: [ItemEdit] # Enabled (took 516 ms)
[12:56:36] [Server thread/INFO]: [DiscordSRV] Enabling DiscordSRV v1.30.5
[12:56:36] [Server thread/INFO]: [VIshopGUI] Enabling VIshopGUI v2.0
[12:56:36] [Server thread/INFO]: [TAB] Enabling TAB v6.1.0
[12:56:36] [Server thread/INFO]: [TAB] Found NMS implementation: me.neznamy.tab.platforms.bukkit.paper_26_2.NMSImplementationProvider
[12:56:37] [Server thread/INFO]: [TAB] [WARN] [config.yml] tablist-name-formatting: Missing configuration section "tablist-name-formatting.disable-condition" of type String, using default value %world%=disabledworld.
[12:56:37] [Server thread/INFO]: [TAB] [WARN] Found a total of 1 issues.
[12:56:37] [Server thread/INFO]: [TAB] Enabled in 261ms
[12:56:37] [Server thread/INFO]: [skript-placeholders] Enabling skript-placeholders v1.7.2
[12:56:37] [Server thread/INFO]: [skript-gui] Enabling skript-gui v1.3.2
[12:56:37] [Server thread/INFO]: [Skript]     Missing version in default.lang
[12:56:37] [Server thread/INFO]: [Shopkeepers] Enabling Shopkeepers v2.27.0
[12:56:37] [Server thread/INFO]: [Shopkeepers] Citizens found: Enabling NPC shopkeepers.
[12:56:37] [Server thread/INFO]: [Shopkeepers] Loading the data of 6 shopkeepers ...
[12:56:37] [Server thread/INFO]: [ItemTag] Enabling ItemTag v3.7.7
[12:56:37] [Server thread/INFO]: [ItemTag] Data using Spigot PersistentDataContainer
[12:56:37] [Server thread/INFO]: [ItemTag] Hooking into PlaceholderApi
[12:56:37] [Server thread/INFO]: [ItemTag] Hooked into PlaceHolderAPI:
[12:56:37] [Server thread/INFO]: [ItemTag] placeholders:
[12:56:37] [Server thread/INFO]: [ItemTag]   %itemtag_cooldown_<timeunit>_[cooldownid]%
[12:56:37] [Server thread/INFO]: [ItemTag]     shows how much cooldown has selected cooldownid for player
[12:56:37] [Server thread/INFO]: [ItemTag]     <timeunit> may be h, s or ms
[12:56:37] [Server thread/INFO]: [ItemTag]     [cooldownid] for cooldown type, by default default
[12:56:37] [Server thread/INFO]: [ItemTag]     example: %itemtag_cooldown_s_anid%
[12:56:37] [Server thread/INFO]: [ItemTag]   %itemtag_handcooldown_<timeunit>%
[12:56:37] [Server thread/INFO]: [ItemTag]     shows how much cooldown has player on the item in his hand
[12:56:37] [Server thread/INFO]: [ItemTag]     <timeunit> may be h, s or ms
[12:56:37] [Server thread/INFO]: [ItemTag]     example: %itemtag_handcooldown_s%
[12:56:37] [Server thread/INFO]: [PlaceholderAPI] Successfully registered internal expansion: itemtag [1.0]
[12:56:37] [Server thread/INFO]: [ItemTag] # Enabled (took 73 ms)
[12:56:37] [Server thread/INFO]: [GSit] Enabling GSit v3.5.1
[12:56:37] [Server thread/INFO]: [PlaceholderAPI] Successfully registered internal expansion: gsit [3.5.1]
[12:56:37] [Server thread/INFO]: [WorldGuard] Registering session handler dev.geco.gsit.link.worldguard.RegionFlagHandler
[12:56:37] [Server thread/INFO]: [StargardRP] Plugin został pomyślnie włączony.
[12:56:37] [Server thread/INFO]: [StargardRP] Pomyślnie połączono z PlaceholderAPI!
[12:56:37] [Server thread/INFO]: [StargardRP] Pomyślnie połączono z WorldGuard!
[12:56:37] [Server thread/INFO]: [EssentialsChat] Enabling EssentialsChat v2.22.1-dev+12-776f709
[12:56:37] [Server thread/INFO]: [EssentialsChat] Starting Metrics. Opt-out using the global bStats config.
[12:56:37] [Server thread/INFO]: [customcrafting] Enabling customcrafting v5.0-alpha.4.0.0
[12:56:37] [Server thread/INFO]: [CustomBansPlus] Enabling CustomBansPlus v3.6
[12:56:37] [Server thread/INFO]: craftbukkit
[12:56:37] [Thread-16/INFO]: [CBP] Checking for updates...
[12:56:37] [Server thread/INFO]: Essentials plugin found.
[12:56:37] [Server thread/INFO]: DiscordSRV plugin found.
[12:56:37] [Server thread/INFO]: PlaceholderAPI plugin found.
[12:56:37] [Server thread/INFO]: [PlaceholderAPI] Successfully registered internal expansion: cbp [3.6]
[12:56:37] [Server thread/INFO]: Database Initialized.
[12:56:37] [Server thread/INFO]: [CustomBansPlus] Tables Initialized.
[12:56:37] [Server thread/INFO]: Save Cache Initiated
[12:56:37] [Server thread/INFO]: [Denizen] Enabling Denizen v1.3.0-SNAPSHOT (build 1803-REL)
[12:56:37] [Server thread/ERROR]: Error occurred while enabling Denizen v1.3.0-SNAPSHOT (build 1803-REL) (Is it up to date?)
java.lang.NoSuchMethodError: net.md_5.bungee.chat.TextComponentSerializer: method 'void <init>()' not found
	at Denizen-1.3.0-b1803-REL.jar//com.denizenscript.denizen.utilities.FormattedTextHelper.<clinit>(FormattedTextHelper.java:865) ~[?:?]
	at Denizen-1.3.0-b1803-REL.jar//com.denizenscript.denizen.utilities.PaperAPITools.sendConsoleMessage(PaperAPITools.java:107) ~[?:?]
	at Denizen-1.3.0-b1803-REL.jar//com.denizenscript.denizen.utilities.debugging.DebugConsoleSender.sendMessage(DebugConsoleSender.java:22) ~[?:?]
	at Denizen-1.3.0-b1803-REL.jar//com.denizenscript.denizen.utilities.implementation.DenizenCoreImplementation.doFinalDebugOutput(DenizenCoreImplementation.java:395) ~[?:?]
	at Denizen-1.3.0-b1803-REL.jar//com.denizenscript.denizencore.utilities.debugging.DebugInternals.internalFinalOutputPath(DebugInternals.java:413) ~[?:?]
	at Denizen-1.3.0-b1803-REL.jar//com.denizenscript.denizencore.utilities.debugging.DebugInternals.finalOutputDebugText(DebugInternals.java:357) ~[?:?]
	at Denizen-1.3.0-b1803-REL.jar//com.denizenscript.denizencore.utilities.debugging.DebugInternals.logInternal(DebugInternals.java:464) ~[?:?]
	at Denizen-1.3.0-b1803-REL.jar//com.denizenscript.denizencore.utilities.debugging.Debug.lambda$log$6(Debug.java:165) ~[?:?]
	at Denizen-1.3.0-b1803-REL.jar//com.denizenscript.denizencore.DenizenCore.runOnMainThread(DenizenCore.java:257) ~[?:?]
	at Denizen-1.3.0-b1803-REL.jar//com.denizenscript.denizencore.utilities.debugging.Debug.log(Debug.java:165) ~[?:?]
	at Denizen-1.3.0-b1803-REL.jar//com.denizenscript.denizencore.DenizenCore.init(DenizenCore.java:138) ~[?:?]
	at Denizen-1.3.0-b1803-REL.jar//com.denizenscript.denizen.Denizen.onEnable(Denizen.java:122) ~[?:?]
	at org.bukkit.plugin.java.JavaPlugin.setEnabled(JavaPlugin.java:279) ~[paper-api-26.2.build.63-beta.jar:?]
	at io.papermc.paper.plugin.manager.PaperPluginInstanceManager.enablePlugin(PaperPluginInstanceManager.java:201) ~[paper-26.2.jar:26.2-63-3a55f62]
	at io.papermc.paper.plugin.manager.PaperPluginManagerImpl.enablePlugin(PaperPluginManagerImpl.java:109) ~[paper-26.2.jar:26.2-63-3a55f62]
	at org.bukkit.plugin.SimplePluginManager.enablePlugin(SimplePluginManager.java:519) ~[paper-api-26.2.build.63-beta.jar:?]
	at org.bukkit.craftbukkit.CraftServer.enablePlugin(CraftServer.java:633) ~[paper-26.2.jar:26.2-63-3a55f62]
	at org.bukkit.craftbukkit.CraftServer.enablePlugins(CraftServer.java:590) ~[paper-26.2.jar:26.2-63-3a55f62]
	at net.minecraft.server.MinecraftServer.initPostWorld(MinecraftServer.java:648) ~[paper-26.2.jar:26.2-63-3a55f62]
	at net.minecraft.server.dedicated.DedicatedServer.initServer(DedicatedServer.java:343) ~[paper-26.2.jar:26.2-63-3a55f62]
	at net.minecraft.server.MinecraftServer.runServer(MinecraftServer.java:1267) ~[paper-26.2.jar:26.2-63-3a55f62]
	at net.minecraft.server.MinecraftServer.lambda$spin$0(MinecraftServer.java:303) ~[paper-26.2.jar:26.2-63-3a55f62]
	at java.base/java.lang.Thread.run(Thread.java:1474) ~[?:?]
[12:56:37] [Server thread/INFO]: [Denizen] Disabling Denizen v1.3.0-SNAPSHOT (build 1803-REL)
[12:56:37] [Server thread/INFO]: [BountyHunter] Enabling BountyHunter v1.0.0
[12:56:38] [pool-56-thread-1/INFO]: [DiscordSRV] DiscordSRV is up-to-date. (da9e027f7acd76e0f91d53a11e5b53832ac36e92)
[12:56:38] [Server thread/INFO]: [spark] Starting background profiler...
[12:56:38] [Server thread/INFO]: [spark] The async-profiler engine is not supported for your os/arch (windows10/amd64), so the built-in Java engine will be used instead.
[12:56:38] [Server thread/WARN]: [scafall]    Denizen: failed (ignore)
[12:56:38] [Server thread/INFO]: [PlaceholderAPI] Placeholder expansion registration initializing...
[12:56:38] [Server thread/INFO]: Starting remote control listener
[12:56:38] [Server thread/WARN]: No rcon password set in server.properties, rcon disabled!
[12:56:38] [Server thread/INFO]: Saving chunks for level 'ServerLevel[world]'/minecraft:overworld
[12:56:38] [Server thread/INFO]: Saving chunks for level 'ServerLevel[world]'/minecraft:the_nether
[12:56:38] [Server thread/INFO]: Saving chunks for level 'ServerLevel[world]'/minecraft:the_end
[12:56:38] [Server thread/INFO]: ThreadedAnvilChunkStorage (world): All chunks are saved
[12:56:38] [Server thread/INFO]: ThreadedAnvilChunkStorage (DIM-1): All chunks are saved
[12:56:38] [Server thread/INFO]: ThreadedAnvilChunkStorage (DIM1): All chunks are saved
[12:56:38] [Server thread/INFO]: ThreadedAnvilChunkStorage: All dimensions are saved
[12:56:38] [Server thread/INFO]: Running delayed init tasks
[12:56:38] [Server thread/INFO]: [Essentials] Essentials found a compatible payment resolution method: Vault Compatibility Layer (v1.7.3-b131)!
[12:56:38] [Craft Scheduler Thread - 2 - Essentials/INFO]: [Essentials] Pobieranie informacji o wersji…
[12:56:38] [Craft Scheduler Thread - 5 - Vault/INFO]: [Vault] Checking for Updates ... 
[12:56:38] [Server thread/INFO]: [Skript]     Loaded regions hook for WorldGuard. Please note that Skript's region hooks are deprecated and will be removed in a future release. For WorldGuard support, we recommend using skript-worldguard: https://github.com/SkriptLang/skript-worldguard
[12:56:38] [Server thread/INFO]: [Skript] Loading variables...
[12:56:38] [Server thread/INFO]: [Skript] Loaded 232 variables in 0.0 seconds
[12:56:38] [Craft Scheduler Thread - 5 - Vault/INFO]: [Vault] No new version available
[12:56:39] [Server thread/INFO]: [Skript] Line 21: (Dzialki.sk)
[12:56:39] [Server thread/INFO]:     [Deprecated] Skript's region syntaxes are deprecated and will be removed in a future release. For WorldGuard support, we recommend using skript-worldguard: https://github.com/SkriptLang/skript-worldguard
[12:56:39] [Server thread/INFO]:     Line: set {_rg::*} to regions at {_loc}
[12:56:39] [Server thread/INFO]:  
[12:56:39] [Craft Scheduler Thread - 2 - Essentials/WARN]: [Essentials] Twoja wersja EssentialsX jest nieaktualna o 4 programistycznych wersji!
[12:56:39] [Craft Scheduler Thread - 2 - Essentials/WARN]: [Essentials] Pobierz tutaj: https://essentialsx.net/downloads.html
[12:56:39] [DiscordSRV - Initialization/INFO]: [DiscordSRV] [JDA] Login Successful!
[12:56:39] [Server thread/INFO]: [Skript] Line 82: (main.sk)
[12:56:39] [Server thread/INFO]:     List is missing 'and' or 'or', defaulting to 'and': "&7Kliknij tutaj, aby wpisać", "&7swoje Imię i Nazwisko."
[12:56:39] [Server thread/INFO]:     Line: set slot 13 of {_gui} to lime concrete named "&a&lSTWÓRŹ POSTAĆ" with lore "&7Kliknij tutaj, aby wpisać", "&7swoje Imię i Nazwisko."
[12:56:39] [Server thread/INFO]:  
[12:56:39] [Server thread/INFO]: [Skript] Line 89: (main.sk)
[12:56:39] [Server thread/INFO]:     List is missing 'and' or 'or', defaulting to 'and': "&7Koszt wyrobienia: &a$100", "", "&eKliknij, aby wyrobić nowy Dowód Osobisty!"
[12:56:39] [Server thread/INFO]:     Line: set slot 11 of {_gui} to blue concrete named "&b&lWYRÓB NOWY DOWÓD" with lore "&7Koszt wyrobienia: &a$100", "", "&eKliknij, aby wyrobić nowy Dowód Osobisty!"
[12:56:39] [Server thread/INFO]:  
[12:56:39] [Server thread/INFO]: [Skript] Line 90: (main.sk)
[12:56:39] [Server thread/INFO]:     List is missing 'and' or 'or', defaulting to 'and': "&7Koszt zmiany: &a$10,000", "", "&eKliknij, aby zmienić tożsamość!"
[12:56:39] [Server thread/INFO]:     Line: set slot 15 of {_gui} to gold block named "&e&lZMIEŃ IMIĘ I NAZWISKO" with lore "&7Koszt zmiany: &a$10,000", "", "&eKliknij, aby zmienić tożsamość!"
[12:56:39] [Server thread/INFO]:  
[12:56:40] [JDA MainWS-WriteThread/INFO]: [DiscordSRV] [JDA] Connected to WebSocket
[12:56:40] [Craft Scheduler Thread - 4 - VIshopGUI/ERROR]: [VIshopGUI] Wystapil blad podczas pobierania produktow (HTTP 400)
[12:56:40] [Server thread/INFO]: [Skript] Line 93: (glovo.sk)
[12:56:40] [Server thread/INFO]:     List is missing 'and' or 'or', defaulting to 'and': "&7Kliknij, aby rozpocząć", "&7dobieranie zleceń dostawcy.", "", "&eCiągłe zamówienia do czasu anulowania!"
[12:56:40] [Server thread/INFO]:     Line: set slot 11 of {_gui} to lime concrete named "&a&lZACZNIJ PRACĘ" with lore "&7Kliknij, aby rozpocząć", "&7dobieranie zleceń dostawcy.", "", "&eCiągłe zamówienia do czasu anulowania!"
[12:56:40] [Server thread/INFO]:  
[12:56:40] [Server thread/INFO]: [Skript] Line 96: (glovo.sk)
[12:56:40] [Server thread/INFO]:     List is missing 'and' or 'or', defaulting to 'and': "&7Kliknij, aby zrezygnować", "&7z obecnej pracy/zlecenia."
[12:56:40] [Server thread/INFO]:     Line: set slot 15 of {_gui} to red concrete named "&c&lANULUJ PRACĘ" with lore "&7Kliknij, aby zrezygnować", "&7z obecnej pracy/zlecenia."
[12:56:40] [Server thread/INFO]:  
[12:56:40] [JDA MainWS-ReadThread/INFO]: [DiscordSRV] [JDA] Finished Loading!
[12:56:40] [DiscordSRV - Initialization/ERROR]: [DiscordSRV] Bot nie jest częścią żadnego serwera Discord. Postępuj zgodnie z instrukcjami instalacji
[12:56:40] [DiscordSRV - Initialization/ERROR]: [DiscordSRV] https://discord.com/oauth2/authorize?client_id=1532379264463143104&scope=bot&permissions=8
[12:56:41] [Server thread/INFO]: [Skript] Line 29: (cars.sk)
[12:56:41] [Server thread/INFO]:     Can't understand this condition/effect: add "{Invisible:1b,Small:1b}" to nbt of {_car}
[12:56:41] [Server thread/INFO]:     Line: add "{Invisible:1b,Small:1b}" to nbt of {_car}
[12:56:41] [Server thread/INFO]:  
[12:56:41] [Server thread/INFO]: [Skript] Line 173: (glovo.sk)
[12:56:41] [Server thread/INFO]:     List is missing 'and' or 'or', defaulting to 'and': "&7Dostarcz to do klienta!", "&cMasz 10 minut na dostawę!"
[12:56:41] [Server thread/INFO]:     Line: set {_paczka} to 1 of {_item} named "&6Zamówienie dla Klienta" with lore "&7Dostarcz to do klienta!", "&cMasz 10 minut na dostawę!"
[12:56:41] [Server thread/INFO]:  
[12:56:42] [Server thread/INFO]: [Skript] Line 433: (main.sk)
[12:56:42] [Server thread/INFO]:     List is missing 'and' or 'or', defaulting to 'and': "&7Kliknij tutaj, aby sprzedać", "&7wszystkie kaucjonowane butelki", "&7z ekwipunku.", "", "&aStawka: &f0.50$ &7/ szt."
[12:56:42] [Server thread/INFO]:     Line: set slot 13 of {_gui} to hopper named "&a&lODDAJ BUTELKI" with lore "&7Kliknij tutaj, aby sprzedać", "&7wszystkie kaucjonowane butelki", "&7z ekwipunku.", "", "&aStawka: &f0.50$ &7/ szt."
[12:56:42] [Server thread/INFO]:  
[12:56:42] [Server thread/INFO]: [Skript] Line 146: (marih.sk)
[12:56:42] [Server thread/INFO]:     Can't understand this condition/effect: apply potion of nausea 1 to player for 100 seconds
[12:56:42] [Server thread/INFO]:     Line: apply potion of nausea 1 to player for 100 seconds
[12:56:42] [Server thread/INFO]:  
[12:56:42] [Server thread/INFO]: [Skript] Line 147: (marih.sk)
[12:56:42] [Server thread/INFO]:     Can't understand this condition/effect: apply potion of weakness 1 to player for 100 seconds
[12:56:42] [Server thread/INFO]:     Line: apply potion of weakness 1 to player for 100 seconds
[12:56:42] [Server thread/INFO]:  
[12:56:42] [Server thread/INFO]: [Skript] Line 148: (marih.sk)
[12:56:42] [Server thread/INFO]:     Can't understand this condition/effect: apply potion of resistance 3 to player for 100 seconds
[12:56:42] [Server thread/INFO]:     Line: apply potion of resistance 3 to player for 100 seconds
[12:56:42] [Server thread/INFO]:  
[12:56:42] [Server thread/INFO]: [Skript] Loaded 11 scripts with a total of 111 structures in 3.64 seconds
[12:56:42] [Server thread/INFO]: [Skript] Finished loading.
[12:56:43] [Server thread/INFO]: [Citizens] Załadowano 23 NPC'ów.
[12:56:44] [Server thread/INFO]: [Essentials] Created a User for diablica (bf2b0519-0ea4-25dc-91c7-6014914c3402) for non Bukkit type: net.citizensnpcs.nms.v26_2_R1.entity.EntityHumanNPC$PlayerNPC
[12:56:44] [Server thread/INFO]: Done (47.765s)! For help, type "help"
[12:56:44] [Server thread/INFO]: [PlaceholderAPI] Successfully registered external expansion: luckperms [5.4-R2]
[12:56:44] [Server thread/WARN]: [PlaceholderAPI] Cannot load expansion ontime due to a missing plugin: OnTime
[12:56:44] [Server thread/INFO]: [PlaceholderAPI] Successfully registered external expansion: player [2.0.9]
[12:56:44] [Server thread/INFO]: [PlaceholderAPI] Successfully registered external expansion: vault [1.8.3]
[12:56:44] [Server thread/INFO]: 3 placeholder hook(s) registered!
[12:56:44] [Paper Async Task Handler Thread - 1/INFO]: *** Currently you are 29 builds behind ***
[12:56:44] [Paper Async Task Handler Thread - 1/INFO]: *** It is highly recommended to download the latest build from https://papermc.io/downloads/paper ***
[13:00:04] [Server thread/INFO]: ᴘᴀᴍɪᴇᴛᴀᴊ ᴏ ᴢᴀʀᴀʙɪᴀɴɪᴜ ᴘɪᴇɴɪᴇᴅᴢʏ ʙᴏ ᴡ ᴋᴀᴢᴅᴇᴊ ᴄʜᴡɪʟɪ ᴍᴏᴢᴇꜱᴢ ᴢʙᴀɴᴋʀᴜᴛᴏᴡᴀᴄ!
[13:01:36] [User Authenticator #0/INFO]: UUID of player Sajk_YT is b0c77fe7-d68a-373a-a105-e2e2a2d26219
[13:01:36] [Server thread/INFO]: [HorriblePlayerLoginEventHack] You have plugins listening to the PlayerLoginEvent, this will cause re-configuration APIs to be unavailable: [LuckPerms, DiscordSRV, ProtocolLib, WorldGuard]
[13:01:41] [Server thread/WARN]: [Essentials] Permissions lag notice with (LuckPermsHandler). Response took 75,422200ms. Summary: Getting prefix for Sajk_YT
[13:01:41] [Server thread/INFO]: Sajk_YT joined the game
[13:01:41] [Server thread/INFO]: Sajk_YT[/127.0.0.1:60398] logged in with entity id 92 at ([minecraft:overworld]-72.89682396618417, 112.25721870550167, 165.3672167895157)
[13:01:45] [Server thread/INFO]:  ᴡɪᴛᴀᴊ ɴᴀ ꜱᴇʀᴡᴇʀᴢᴇ ꜱᴛᴀʀɢᴀʀᴅᴍᴄ ᴍᴀᴍ ɴᴀᴅᴢɪᴇᴊᴇ ᴢᴇ ʙᴇᴅᴢɪᴇꜱ ꜱɪᴇ ᴅᴏʙʀᴢᴇ ʙᴀᴡɪʟ!
[13:01:45] [Craft Scheduler Thread - 36 - VIshopGUI/ERROR]: [VIshopGUI] Wystapil blad podczas pobierania produktow (HTTP 400)
[13:01:47] [Server thread/INFO]: [Sajk_YT: Set own game mode to Creative Mode]
[13:02:41] [Netty NIO IO #1/INFO]: Disconnecting Sajk_YT for sending keepalive response (76979881) out-of-order!
[13:02:41] [Server thread/INFO]: Sajk_YT lost connection: Timed out
[13:02:41] [Server thread/INFO]: Sajk_YT left the game
[13:03:27] [Server thread/INFO]: ᴘᴀᴍɪᴇᴛᴀᴊ ᴏ ᴢᴀʀᴀʙɪᴀɴɪᴜ ᴘɪᴇɴɪᴇᴅᴢʏ ʙᴏ ᴡ ᴋᴀᴢᴅᴇᴊ ᴄʜᴡɪʟɪ ᴍᴏᴢᴇꜱᴢ ᴢʙᴀɴᴋʀᴜᴛᴏᴡᴀᴄ!
[13:06:47] [Server thread/INFO]:  ᴡɪᴛᴀᴊ ɴᴀ ꜱᴇʀᴡᴇʀᴢᴇ ꜱᴛᴀʀɢᴀʀᴅᴍᴄ ᴍᴀᴍ ɴᴀᴅᴢɪᴇᴊᴇ ᴢᴇ ʙᴇᴅᴢɪᴇꜱ ꜱɪᴇ ᴅᴏʙʀᴢᴇ ʙᴀᴡɪʟ!
[13:06:47] [Server thread/INFO]: ᴘᴀᴍɪᴇᴛᴀᴊ ᴏ ᴢᴀʀᴀʙɪᴀɴɪᴜ ᴘɪᴇɴɪᴇᴅᴢʏ ʙᴏ ᴡ ᴋᴀᴢᴅᴇᴊ ᴄʜᴡɪʟɪ ᴍᴏᴢᴇꜱᴢ ᴢʙᴀɴᴋʀᴜᴛᴏᴡᴀᴄ!
[13:06:48] [Craft Scheduler Thread - 65 - VIshopGUI/ERROR]: [VIshopGUI] Wystapil blad podczas pobierania produktow (HTTP 400)
[13:07:42] [User Authenticator #1/INFO]: UUID of player Sajk_YT is b0c77fe7-d68a-373a-a105-e2e2a2d26219
[13:07:44] [Server thread/INFO]: Sajk_YT joined the game
[13:07:44] [Server thread/INFO]: Sajk_YT[/127.0.0.1:60548] logged in with entity id 282 at ([minecraft:overworld]-139.85710781611667, 148.09096993928748, 142.33506326014992)
[13:07:50] [Server thread/INFO]: Sajk_YT issued server command: /heall Sajk_YT
[13:07:52] [Server thread/INFO]: [Sajk_YT: Set own game mode to Creative Mode]
[13:07:59] [Server thread/INFO]: Sajk_YT issued server command: /otp OrbitekElita
[13:10:28] [Server thread/INFO]: ᴘᴀᴍɪᴇᴛᴀᴊ ᴏ ᴢᴀʀᴀʙɪᴀɴɪᴜ ᴘɪᴇɴɪᴇᴅᴢʏ ʙᴏ ᴡ ᴋᴀᴢᴅᴇᴊ ᴄʜᴡɪʟɪ ᴍᴏᴢᴇꜱᴢ ᴢʙᴀɴᴋʀᴜᴛᴏᴡᴀᴄ!
[13:12:14] [Server thread/INFO]:  ᴡɪᴛᴀᴊ ɴᴀ ꜱᴇʀᴡᴇʀᴢᴇ ꜱᴛᴀʀɢᴀʀᴅᴍᴄ ᴍᴀᴍ ɴᴀᴅᴢɪᴇᴊᴇ ᴢᴇ ʙᴇᴅᴢɪᴇꜱ ꜱɪᴇ ᴅᴏʙʀᴢᴇ ʙᴀᴡɪʟ!
[13:12:14] [Craft Scheduler Thread - 97 - VIshopGUI/ERROR]: [VIshopGUI] Wystapil blad podczas pobierania produktow (HTTP 400)
[13:14:06] [Server thread/INFO]: ᴘᴀᴍɪᴇᴛᴀᴊ ᴏ ᴢᴀʀᴀʙɪᴀɴɪᴜ ᴘɪᴇɴɪᴇᴅᴢʏ ʙᴏ ᴡ ᴋᴀᴢᴅᴇᴊ ᴄʜᴡɪʟɪ ᴍᴏᴢᴇꜱᴢ ᴢʙᴀɴᴋʀᴜᴛᴏᴡᴀᴄ!
[13:17:33] [Server thread/INFO]:  ᴡɪᴛᴀᴊ ɴᴀ ꜱᴇʀᴡᴇʀᴢᴇ ꜱᴛᴀʀɢᴀʀᴅᴍᴄ ᴍᴀᴍ ɴᴀᴅᴢɪᴇᴊᴇ ᴢᴇ ʙᴇᴅᴢɪᴇꜱ ꜱɪᴇ ᴅᴏʙʀᴢᴇ ʙᴀᴡɪʟ!
[13:17:33] [Server thread/INFO]: ᴘᴀᴍɪᴇᴛᴀᴊ ᴏ ᴢᴀʀᴀʙɪᴀɴɪᴜ ᴘɪᴇɴɪᴇᴅᴢʏ ʙᴏ ᴡ ᴋᴀᴢᴅᴇᴊ ᴄʜᴡɪʟɪ ᴍᴏᴢᴇꜱᴢ ᴢʙᴀɴᴋʀᴜᴛᴏᴡᴀᴄ!
[13:17:33] [Craft Scheduler Thread - 129 - VIshopGUI/ERROR]: [VIshopGUI] Wystapil blad podczas pobierania produktow (HTTP 400)
[13:20:53] [Server thread/INFO]: ᴘᴀᴍɪᴇᴛᴀᴊ ᴏ ᴢᴀʀᴀʙɪᴀɴɪᴜ ᴘɪᴇɴɪᴇᴅᴢʏ ʙᴏ ᴡ ᴋᴀᴢᴅᴇᴊ ᴄʜᴡɪʟɪ ᴍᴏᴢᴇꜱᴢ ᴢʙᴀɴᴋʀᴜᴛᴏᴡᴀᴄ!
[13:22:33] [Server thread/INFO]:  ᴡɪᴛᴀᴊ ɴᴀ ꜱᴇʀᴡᴇʀᴢᴇ ꜱᴛᴀʀɢᴀʀᴅᴍᴄ ᴍᴀᴍ ɴᴀᴅᴢɪᴇᴊᴇ ᴢᴇ ʙᴇᴅᴢɪᴇꜱ ꜱɪᴇ ᴅᴏʙʀᴢᴇ ʙᴀᴡɪʟ!
[13:22:33] [Craft Scheduler Thread - 159 - VIshopGUI/ERROR]: [VIshopGUI] Wystapil blad podczas pobierania produktow (HTTP 400)
[13:23:13] [Server thread/INFO]: Sajk_YT issued server command: /itemshop
[13:24:13] [Server thread/INFO]: ᴘᴀᴍɪᴇᴛᴀᴊ ᴏ ᴢᴀʀᴀʙɪᴀɴɪᴜ ᴘɪᴇɴɪᴇᴅᴢʏ ʙᴏ ᴡ ᴋᴀᴢᴅᴇᴊ ᴄʜᴡɪʟɪ ᴍᴏᴢᴇꜱᴢ ᴢʙᴀɴᴋʀᴜᴛᴏᴡᴀᴄ!
